// Jest Snapshot v1, https://goo.gl/fbAQLP

exports[`renders data 1`] = `
<Text
  accessible={true}
  allowFontScaling={true}
  ellipsizeMode="tail"
>
<<<<<<< HEAD
  <View>
    <View>
      <View
        pointerEvents="box-none"
        style={
          Object {
            "alignItems": "center",
            "backgroundColor": "transparent",
            "paddingBottom": 50,
          }
        }
      >
        <View
          accessibilityRole="banner"
          style={
            Object {
              "alignItems": "center",
              "backgroundColor": "#F9F8F3",
              "flexDirection": "column",
              "paddingBottom": 50,
              "width": "100%",
            }
          }
        >
          <Text
            accessibilityRole="heading"
            accessible={true}
            allowFontScaling={true}
            aria-level="1"
            ellipsizeMode="tail"
            style={
              Object {
                "color": "#000",
                "fontFamily": "TimesModern-Bold",
                "fontSize": 45,
                "paddingTop": 32,
              }
            }
          >
            Fiona Hamilton
          </Text>
          <Text
            accessibilityRole="heading"
            accessible={true}
            allowFontScaling={true}
            aria-level="2"
            ellipsizeMode="tail"
            style={
              Object {
                "color": "#696969",
                "fontFamily": "TimesDigital-RegularSC",
                "fontSize": 15,
              }
            }
          >
            legal editor
          </Text>
          <Text
            accessibilityRole="link"
            accessible={true}
            allowFontScaling={true}
            ellipsizeMode="tail"
            href="https://twitter.com/jdoe"
            onPress={[Function]}
            style={
              Array [
                Object {
                  "textDecorationLine": "underline",
                },
                Object {
                  "color": "#006699",
                  "fontFamily": "GillSansMTStd-Medium",
                  "fontSize": 18,
                  "paddingTop": 16,
                  "textDecorationLine": "none",
                },
              ]
            }
          >
            @
            jdoe
          </Text>
          <Text
            accessible={true}
            allowFontScaling={true}
            ellipsizeMode="tail"
            style={
              Object {
                "color": "#333",
                "fontFamily": "TimesDigital-Regular",
                "fontSize": 16,
                "lineHeight": 26,
                "maxWidth": "88%",
                "paddingBottom": 32,
                "textAlign": "center",
=======
  {
    "slug": "fiona-hamilton",
    "loading": false,
    "result": {
      "author": {
        "name": "Fiona Hamilton",
        "jobTitle": "Legal Editor",
        "biography": [
          {
            "name": "text",
            "children": [
              {
                "text": "Lorem "
>>>>>>> feat: providers using fac pattern
              }
<<<<<<< HEAD
            }
          >
            Lorem 
            <Text
              accessible={true}
              allowFontScaling={true}
              ellipsizeMode="tail"
              style={
                Object {
                  "fontWeight": "bold",
                }
              }
            >
              ipsum
            </Text>
             testbr 
            More text 
            <Text
              accessible={true}
              allowFontScaling={true}
              ellipsizeMode="tail"
              style={
                Object {
                  "fontStyle": "italic",
                }
              }
            >
               last 
            </Text>
          </Text>
        </View>
        <View
          style={
            Object {
              "bottom": 0,
              "height": 100,
              "position": "absolute",
              "width": 100,
            }
          }
        >
          <View
            onLayout={[Function]}
          >
            <Image
              onError={[Function]}
              onLoad={[Function]}
              source={
                Object {
                  "uri": "",
                }
              }
              style={
                Array [
                  Object {
                    "height": 1,
                    "width": 750,
                  },
                  Object {
                    "borderColor": "#FFF",
                    "borderRadius": 50,
                    "borderWidth": 5,
                    "height": 100,
                    "width": 100,
                  },
=======
            ]
          },
          {
            "name": "bold",
            "attributes": {},
            "children": [
              {
                "name": "text",
                "children": [
                  {
                    "text": "ipsum"
                  }
>>>>>>> feat: providers using fac pattern
                ]
              }
            ]
          },
          {
            "name": "text",
            "children": [
              {
                "text": " testbr "
              }
            ]
          },
          {
            "name": "break",
            "attributes": {}
          },
          {
            "name": "text",
            "children": [
              {
                "text": "More text "
              }
            ]
          },
          {
            "name": "italic",
            "attributes": {},
            "children": [
              {
                "name": "text",
                "children": [
                  {
                    "text": " last "
                  }
                ]
              }
            ]
          }
        ],
        "image": "",
        "twitter": "jdoe",
        "articles": {
          "count": 2,
          "list": [
            {
              "id": "97c64f20-cb67-11e4-a202-50ac5def393a",
              "title": "British trio stopped on the way to join Isis",
              "label": null,
              "publicationName": "TIMES",
              "publishedTime": "2015-03-23T23:06:34.000Z",
              "leadAsset": {
                "title": "British trio stopped on the way to join Isis",
                "crop": {
                  "url": "//nu-cps-imgsrv-tnl-dev-webapp.elb.tnl-dev.ntch.co.uk/imageserver/image/90cfa89f4ebe003ab967e64b9c79c9afa520c273.jpg?crop=620%2C413%2C0%2C0",
                  "ratio": "3:2"
                }
              }
            },
            {
              "id": "97c64f20-cb67-11e4-a202-50ac5def393a",
              "title": "British trio stopped on the way to join Isis",
              "label": null,
              "publicationName": "TIMES",
              "publishedTime": "2015-03-23T23:06:34.000Z",
              "leadAsset": {
                "posterImage": {
                  "title": "British trio stopped on the way to join Isis",
                  "crop": {
                    "url": "//nu-cps-imgsrv-tnl-dev-webapp.elb.tnl-dev.ntch.co.uk/imageserver/image/90cfa89f4ebe003ab967e64b9c79c9afa520c273.jpg?crop=620%2C413%2C0%2C0",
                    "ratio": "3:2"
                  }
                }
              }
            }
<<<<<<< HEAD
          >
            <View
              style={Object {}}
            >
              <Text
                accessible={true}
                allowFontScaling={true}
                ellipsizeMode="tail"
                style={
                  Object {
                    "color": "#333333",
                    "fontFamily": "GillSansMTStd-Medium",
                    "fontSize": 12,
                    "letterSpacing": 1,
                    "marginBottom": 2,
                  }
                }
              />
              <Text
                accessible={true}
                allowFontScaling={true}
                ellipsizeMode="tail"
                style={
                  Object {
                    "color": "#333333",
                    "fontFamily": "TimesModern-Bold",
                    "fontSize": 22,
                    "fontWeight": "400",
                    "lineHeight": 22,
                    "marginBottom": 8,
                  }
                }
              >
                British trio stopped on the way to join Isis
              </Text>
              <Text
                accessible={true}
                allowFontScaling={true}
                ellipsizeMode="tail"
                style={
                  Object {
                    "color": "#696969",
                    "flexWrap": "wrap",
                    "fontFamily": "TimesDigital-Regular",
                    "fontSize": 14,
                    "lineHeight": 20,
                    "marginBottom": 10,
                  }
                }
              />
              <Text
                accessible={true}
                allowFontScaling={true}
                ellipsizeMode="tail"
                style={
                  Array [
                    Object {
                      "color": "#696969",
                      "fontFamily": "GillSansMTStd-Medium",
                      "fontSize": 13,
                      "lineHeight": 15,
                    },
                    Object {},
                  ]
                }
              >
                Monday March 23 2015
                , The Times
              </Text>
            </View>
          </View>
        </View>
      </View>
    </View>
  </View>
</RCTScrollView>
=======
          ]
        }
      }
    }
  }
</Text>
>>>>>>> feat: providers using fac pattern
`;

exports[`renders data from graphql 1`] = `
<Text
  accessible={true}
  allowFontScaling={true}
  ellipsizeMode="tail"
>
  {
    "slug": "fiona-hamilton",
    "loading": false,
    "author": {
      "name": "Fiona Hamilton",
      "jobTitle": "Legal Editor",
      "biography": [
        {
          "name": "text",
          "children": [
            {
              "text": "Lorem "
            }
          ]
        },
        {
          "name": "bold",
          "attributes": {},
          "children": [
            {
              "name": "text",
              "children": [
                {
                  "text": "ipsum"
                }
              ]
            }
          ]
        },
        {
          "name": "text",
          "children": [
            {
              "text": " testbr "
            }
          ]
        },
        {
          "name": "break",
          "attributes": {}
        },
        {
          "name": "text",
          "children": [
            {
              "text": "More text "
            }
          ]
        },
        {
          "name": "italic",
          "attributes": {},
          "children": [
            {
              "name": "text",
              "children": [
                {
                  "text": " last "
                }
              ]
            }
          ]
        }
      ],
      "image": "",
      "twitter": "jdoe",
      "articles": {
        "count": 2,
        "list": [
          {
            "id": "97c64f20-cb67-11e4-a202-50ac5def393a",
            "title": "British trio stopped on the way to join Isis",
            "label": null,
            "publicationName": "TIMES",
            "publishedTime": "2015-03-23T23:06:34.000Z",
            "leadAsset": {
              "title": "British trio stopped on the way to join Isis",
              "crop": {
                "url": "//nu-cps-imgsrv-tnl-dev-webapp.elb.tnl-dev.ntch.co.uk/imageserver/image/90cfa89f4ebe003ab967e64b9c79c9afa520c273.jpg?crop=620%2C413%2C0%2C0",
                "ratio": "3:2"
              }
            }
          },
          {
            "id": "97c64f20-cb67-11e4-a202-50ac5def393a",
            "title": "British trio stopped on the way to join Isis",
            "label": null,
            "publicationName": "TIMES",
            "publishedTime": "2015-03-23T23:06:34.000Z",
            "leadAsset": {
              "posterImage": {
                "title": "British trio stopped on the way to join Isis",
                "crop": {
                  "url": "//nu-cps-imgsrv-tnl-dev-webapp.elb.tnl-dev.ntch.co.uk/imageserver/image/90cfa89f4ebe003ab967e64b9c79c9afa520c273.jpg?crop=620%2C413%2C0%2C0",
                  "ratio": "3:2"
                }
              }
            }
          }
        ]
      }
    }
  }
</Text>
`;

exports[`renders loading state 1`] = `
<Text
  accessible={true}
  allowFontScaling={true}
  ellipsizeMode="tail"
>
  {
    "slug": "fiona-hamilton",
    "loading": true
  }
</Text>
`;
