// Jest Snapshot v1, https://goo.gl/fbAQLP

exports[`WithTrackChildViews forwards props to wrapped component 1`] = `
<Text
  accessible={true}
  allowFontScaling={true}
  disabled={false}
  ellipsizeMode="tail"
>
  bar
</Text>
`;

exports[`WithTrackChildViews renders when tracking context is missing 1`] = `
<Text
  accessible={true}
  allowFontScaling={true}
  disabled={false}
  ellipsizeMode="tail"
>
  foo
</Text>
`;

exports[`WithTrackChildViews tracks child views 1`] = `
Array [
  Array [
    Object {
      "action": "Rendered",
      "attrs": Object {},
      "component": "ListComponentChild",
    },
  ],
  Array [
    Object {
      "action": "Rendered",
      "attrs": Object {},
      "component": "ListComponentChild",
    },
  ],
  Array [
    Object {
      "action": "Rendered",
      "attrs": Object {},
      "component": "ListComponentChild",
    },
  ],
]
`;
