// Jest Snapshot v1, https://goo.gl/fbAQLP

exports[`Article Summary Renderer Web renders a paragraph ending with a full stop and a space with no new line 1`] = `
<span>
  Content
  . 
</span>
`;

exports[`Article Summary Renderer Web renders a teaser with an ellipsis at the end 1`] = `
<span>
  Content
  ...
</span>
`;
